C51 COMPILER V9.60.7.0   APP                                                               09/11/2026 16:35:34 PAGE 1   


C51 COMPILER V9.60.7.0, COMPILATION OF MODULE APP
OBJECT MODULE PLACED IN .\Objects\app.obj
COMPILER INVOKED BY: D:\MDK5.36\C51\BIN\C51.EXE Application\app.c OPTIMIZE(9,SIZE) BROWSE INCDIR(.;.\Application;.\Drive
                    -rs) DEBUG OBJECTEXTEND PRINT(.\Listings\app.lst) OBJECT(.\Objects\app.obj)

line level    source

   1          /* Display states, edit workflow, student ID scrolling and alarm decisions. */
   2          //四种显示状态、学号滚动、闹钟音乐和修改流程
   3          
   4          #include "app.h"
   5          #include "board.h"
   6          #include "config.h"
   7          #include "keys.h"
   8          #include "music.h"
   9          #include "settings.h"
  10          #include "uart1.h"
  11          
  12          #define STATE_CLOCK      0U
  13          #define STATE_STUDENT    1U
  14          #define STATE_ALARM      2U
  15          #define STATE_TEMPERATURE 3U
  16          
  17          unsigned char code StudentId[] = STUDENT_ID_TEXT;
  18          #define STUDENT_ID_LEN ((unsigned char)(sizeof(StudentId) - 1U))
  19          #define STUDENT_FIXED_POS (STUDENT_ID_LEN - 4U)
  20          #define STUDENT_FIXED_FLAG 0x80U
  21          
  22          static unsigned char data DisplayState;
  23          static unsigned char data EditItem;
  24          static unsigned char data ClockPage;
  25          static unsigned char data StudentPos;
  26          static bit ClockTickEnabled;
  27          static unsigned int data UiTicks;
  28          
  29          static void App_Render(void);
  30          static void App_HandleKeys(unsigned char events);
  31          
  32          void App_Init(void)
  33          {
  34   1          DisplayState = STATE_CLOCK;
  35   1          EditItem = FIELD_NONE;
  36   1          ClockPage = 0;
  37   1          StudentPos = 0;
  38   1          ClockTickEnabled = CLOCK_TICK_DEFAULT_ON;
  39   1          UiTicks = 0;
  40   1          App_Render();
  41   1      }
  42          
  43          void App_Service(void)
  44          {
  45   1          unsigned char data hour;
  46   1          unsigned char data minute;
  47   1          unsigned char data second;
  48   1          unsigned char data alarm_index;
  49   1          unsigned char data alarm_melody;
  50   1          unsigned char data second_event;
  51   1      
  52   1          if (Uart1_TakeTime(&hour, &minute, &second))
  53   1          {
  54   2              if (!AlarmRinging) Music_Stop();
C51 COMPILER V9.60.7.0   APP                                                               09/11/2026 16:35:34 PAGE 2   

  55   2              Board_SetTime(hour, minute, second);
  56   2              Settings_RequestSave();
  57   2              DisplayState = STATE_CLOCK;
  58   2              EditItem = FIELD_NONE;
  59   2              UiTicks = 0;
  60   2              App_Render();
  61   2          }
  62   1      
  63   1          if (Uart1_TakeAlarm(&alarm_index, &hour, &minute, &alarm_melody))
  64   1          {
  65   2              if (!AlarmRinging) Music_Stop();
  66   2              Board_SetAlarm(alarm_index, hour, minute, alarm_melody);
  67   2              Settings_RequestSave();
  68   2              DisplayState = STATE_ALARM;
  69   2              EditItem = FIELD_NONE;
  70   2              UiTicks = 0;
  71   2              App_Render();
  72   2          }
  73   1      
  74   1          second_event = Board_TakeSecondEvent();
  75   1          if (second_event)
  76   1          {
  77   2              if ((DisplayState == STATE_CLOCK) && ClockTickEnabled)
  78   2                  Board_StartClockTick();
  79   2      
  80   2              if ((ClockSecond == 0U) &&
  81   2                  Board_IsAlarmTime(ClockHour, ClockMinute))
  82   2                  Board_StartAlarm();
  83   2          }
  84   1      }
  85          
  86          void App_Tick10ms(unsigned char key_events)
  87          {
  88   1          if (key_events != KEY_EVENT_NONE)
  89   1              App_HandleKeys(key_events);
  90   1      
  91   1          UiTicks++;
  92   1          if ((DisplayState == STATE_STUDENT) &&
  93   1              ((StudentPos & STUDENT_FIXED_FLAG) == 0U) &&
  94   1              (UiTicks >= STUDENT_SCROLL_TICKS))
  95   1          {
  96   2              UiTicks = 0;
  97   2              if (++StudentPos > STUDENT_FIXED_POS) StudentPos = 0;
  98   2          }
  99   1          else if ((DisplayState == STATE_CLOCK) &&
 100   1                   (EditItem == FIELD_NONE) &&
 101   1                   (UiTicks >= CLOCK_PAGE_TICKS))
 102   1          {
 103   2              UiTicks = 0;
 104   2              ClockPage = !ClockPage;
 105   2          }
 106   1      
 107   1          App_Render();
 108   1      }
 109          
 110          static void App_HandleKeys(unsigned char events)
 111          {
 112   1          if (AlarmRinging)
 113   1          {
 114   2              Board_StopAlarm();
 115   2              return;
 116   2          }
C51 COMPILER V9.60.7.0   APP                                                               09/11/2026 16:35:34 PAGE 3   

 117   1      
 118   1          UiTicks = 0;
 119   1      
 120   1          if (events & KEY_EVENT_MODE)
 121   1          {
 122   2              if (EditItem != FIELD_NONE)
 123   2              {
 124   3                  if ((DisplayState == STATE_CLOCK) && (EditItem < FIELD_SECOND))
 125   3                      EditItem++;
 126   3                  else if ((DisplayState == STATE_ALARM) && (EditItem < FIELD_MUSIC))
 127   3                  {
 128   4                      EditItem++;
 129   4                      if (EditItem == FIELD_MUSIC)
 130   4                          Music_Start(AlarmMelodies[SelectedAlarm], MUSIC_PREVIEW_MS);
 131   4                  }
 132   3                  else
 133   3                  {
 134   4                      Settings_RequestSave();
 135   4                      EditItem = FIELD_NONE;
 136   4                      Music_Stop();
 137   4                  }
 138   3              }
 139   2              else
 140   2              {
 141   3                  if (++DisplayState > STATE_TEMPERATURE) DisplayState = STATE_CLOCK;
 142   3                  if (DisplayState == STATE_STUDENT) StudentPos = 0;
 143   3              }
 144   2              return;
 145   2          }
 146   1      
 147   1          if (events & KEY_EVENT_MINUS)
 148   1          {
 149   2              if ((EditItem == FIELD_NONE) &&
 150   2                  ((DisplayState == STATE_CLOCK) || (DisplayState == STATE_ALARM)))
 151   2                  EditItem = FIELD_HOUR;
 152   2              else if (EditItem != FIELD_NONE)
 153   2              {
 154   3                  if (DisplayState == STATE_CLOCK)
 155   3                      Board_AdjustClock(EditItem, 0U);
 156   3                  else
 157   3                  {
 158   4                      Board_AdjustAlarm(EditItem, 0U);
 159   4                      if (EditItem == FIELD_MUSIC)
 160   4                          Music_Start(AlarmMelodies[SelectedAlarm], MUSIC_PREVIEW_MS);
 161   4                  }
 162   3              }
 163   2          }
 164   1      
 165   1          if ((events & KEY_EVENT_PLUS) && (EditItem == FIELD_NONE))
 166   1          {
 167   2              if (DisplayState == STATE_CLOCK)
 168   2                  ClockTickEnabled = !ClockTickEnabled;
 169   2              else if (DisplayState == STATE_STUDENT)
 170   2              {
 171   3                  if (StudentPos & STUDENT_FIXED_FLAG)
 172   3                      StudentPos = 0;
 173   3                  else
 174   3                      StudentPos = STUDENT_FIXED_FLAG | STUDENT_FIXED_POS;
 175   3              }
 176   2              else if (DisplayState == STATE_ALARM)
 177   2                  Board_SelectNextAlarm();
 178   2          }
C51 COMPILER V9.60.7.0   APP                                                               09/11/2026 16:35:34 PAGE 4   

 179   1          else if ((events & (KEY_EVENT_PLUS | KEY_EVENT_PLUS_REPEAT)) &&
 180   1                   (EditItem != FIELD_NONE))
 181   1          {
 182   2              if (DisplayState == STATE_CLOCK)
 183   2                  Board_AdjustClock(EditItem, 1U);
 184   2              else
 185   2              {
 186   3                  Board_AdjustAlarm(EditItem, 1U);
 187   3                  if (EditItem == FIELD_MUSIC)
 188   3                      Music_Start(AlarmMelodies[SelectedAlarm], MUSIC_PREVIEW_MS);
 189   3              }
 190   2          }
 191   1      }
 192          
 193          static void App_Render(void)
 194          {
 195   1          unsigned char d0;
 196   1          unsigned char d1;
 197   1          unsigned char d2;
 198   1          unsigned char d3;
 199   1          unsigned char blink;
 200   1          unsigned char colon;
 201   1          unsigned char alarm_hour;
 202   1          unsigned char alarm_minute;
 203   1          unsigned char student_pos;
 204   1          unsigned char temperature;
 205   1          unsigned char temperature_decimal;
 206   1      
 207   1          blink = 0;
 208   1          colon = COLON_ON;
 209   1      
 210   1          if (DisplayState == STATE_STUDENT)
 211   1          {
 212   2              student_pos = StudentPos & 0x7FU;
 213   2              d0 = StudentId[student_pos] - '0';
 214   2              d1 = StudentId[student_pos + 1U] - '0';
 215   2              d2 = StudentId[student_pos + 2U] - '0';
 216   2              d3 = StudentId[student_pos + 3U] - '0';
 217   2              colon = COLON_OFF;
 218   2          }
 219   1          else if (DisplayState == STATE_CLOCK)
 220   1          {
 221   2              if ((EditItem != FIELD_SECOND) &&
 222   2                  ((EditItem != FIELD_NONE) || (ClockPage == 0U)))
 223   2              {
 224   3                  d0 = ClockHour / 10U; d1 = ClockHour % 10U;
 225   3                  d2 = ClockMinute / 10U; d3 = ClockMinute % 10U;
 226   3              }
 227   2              else
 228   2              {
 229   3                  d0 = ClockMinute / 10U; d1 = ClockMinute % 10U;
 230   3                  d2 = ClockSecond / 10U; d3 = ClockSecond % 10U;
 231   3              }
 232   2              colon = (EditItem == FIELD_NONE) ? COLON_BLINK : COLON_ON;
 233   2              if (EditItem == FIELD_HOUR) blink = 0x03;
 234   2              else if (EditItem != FIELD_NONE) blink = 0x0C;
 235   2          }
 236   1          else if (DisplayState == STATE_ALARM)
 237   1          {
 238   2              if (EditItem == FIELD_MUSIC)
 239   2              {
 240   3                  d0 = DISPLAY_A;
C51 COMPILER V9.60.7.0   APP                                                               09/11/2026 16:35:34 PAGE 5   

 241   3                  d1 = SelectedAlarm + 1U;
 242   3                  d2 = DISPLAY_DASH;
 243   3                  d3 = AlarmMelodies[SelectedAlarm] + 1U;
 244   3                  blink = 0x08;
 245   3                  colon = COLON_OFF;
 246   3              }
 247   2              else
 248   2              {
 249   3                  alarm_hour = AlarmHours[SelectedAlarm];
 250   3                  alarm_minute = AlarmMinutes[SelectedAlarm];
 251   3                  d0 = alarm_hour / 10U; d1 = alarm_hour % 10U;
 252   3                  d2 = alarm_minute / 10U; d3 = alarm_minute % 10U;
 253   3                  if (EditItem == FIELD_HOUR) blink = 0x03;
 254   3                  else if (EditItem == FIELD_MINUTE) blink = 0x0C;
 255   3              }
 256   2          }
 257   1          else
 258   1          {
 259   2              temperature = Board_ReadTemperature(&temperature_decimal);
 260   2              d0 = temperature / 10U;
 261   2              d1 = temperature % 10U;
 262   2              d2 = temperature_decimal;
 263   2              d3 = DISPLAY_C;
 264   2              colon = COLON_DECIMAL;
 265   2          }
 266   1      
 267   1          Board_SetDisplay(d0, d1, d2, d3, blink, colon);
 268   1      }


MODULE INFORMATION:   STATIC OVERLAYABLE
   CODE SIZE        =    763    ----
   CONSTANT SIZE    =     13    ----
   XDATA SIZE       =   ----    ----
   PDATA SIZE       =   ----    ----
   DATA SIZE        =      6      12
   IDATA SIZE       =   ----    ----
   BIT SIZE         =      1    ----
END OF MODULE INFORMATION.


C51 COMPILATION COMPLETE.  0 WARNING(S),  0 ERROR(S)
