C51 COMPILER V9.60.7.0   MAIN                                                              09/10/2026 20:54:21 PAGE 1   


C51 COMPILER V9.60.7.0, COMPILATION OF MODULE MAIN
OBJECT MODULE PLACED IN .\Objects\main.obj
COMPILER INVOKED BY: D:\MDK5.36\C51\BIN\C51.EXE main.c OPTIMIZE(8,SPEED) BROWSE INCDIR(.;.\Application;.\Drivers) DEBUG 
                    -OBJECTEXTEND PRINT(.\Listings\main.lst) OBJECT(.\Objects\main.obj)

line level    source

   1          /* Project entry point: initialize modules and run the cooperative scheduler. */
   2          
   3          #include <STC15.H>
   4          #include "app.h"
   5          #include "board.h"
   6          #include "keys.h"
   7          #include "uart1.h"
   8          
   9          void main(void)
  10          {
  11   1          EA = 0;
  12   1          Board_Init();
  13   1          Keys_Init();
  14   1          Uart1_Init();
  15   1          EA = 1;
  16   1      
  17   1          App_Init();
  18   1      
  19   1          while (1)
  20   1          {
  21   2              App_Service();
  22   2              if (Board_Take10msTick())
  23   2                  App_Tick10ms(Keys_Scan10ms());
  24   2          }
  25   1      }


MODULE INFORMATION:   STATIC OVERLAYABLE
   CODE SIZE        =     32    ----
   CONSTANT SIZE    =   ----    ----
   XDATA SIZE       =   ----    ----
   PDATA SIZE       =   ----    ----
   DATA SIZE        =   ----    ----
   IDATA SIZE       =   ----    ----
   BIT SIZE         =   ----    ----
END OF MODULE INFORMATION.


C51 COMPILATION COMPLETE.  0 WARNING(S),  0 ERROR(S)
