C51 COMPILER V9.60.7.0   MUSIC                                                             09/12/2026 14:22:22 PAGE 1   


C51 COMPILER V9.60.7.0, COMPILATION OF MODULE MUSIC
OBJECT MODULE PLACED IN .\Objects\music.obj
COMPILER INVOKED BY: D:\MDK5.36\C51\BIN\C51.EXE Drivers\music.c OPTIMIZE(9,SIZE) BROWSE INCDIR(.;.\Application;.\Drivers
                    -) DEBUG OBJECTEXTEND PRINT(.\Listings\music.lst) OBJECT(.\Objects\music.obj)

line level    source

   1          /* Passive-buzzer sequencer using the Timer0 hardware clock output. */
   2          
   3          #include <STC15.H>
   4          #include "config.h"
   5          #include "music.h"
   6          
   7          #define NOTE_REST  0U
   8          #define NOTE_C5    1U
   9          #define NOTE_D5    2U
  10          #define NOTE_E5    3U
  11          #define NOTE_F5    4U
  12          #define NOTE_FS5   5U
  13          #define NOTE_G5    6U
  14          #define NOTE_A5    7U
  15          #define NOTE_B5    8U
  16          #define NOTE_C6    9U
  17          #define NOTE_E6    10U
  18          
  19          #define NOTE_UNIT_MS 50U
  20          #define NOTE_GAP_MS  25U
  21          #define CLOCK_TICK_HZ 500UL
  22          #define T0_RELOAD(freq) (65536UL - (FOSC / 2UL / (freq)))
  23          
  24          sbit MUSIC_BUZZER = P3^5;
  25          
  26          /* Each pair is note, duration in 50 ms units. */
  27          static unsigned char code MelodyData[] =
  28          {
  29              /* 0: Ode to Joy. */
  30              NOTE_E5,8, NOTE_E5,8, NOTE_F5,8, NOTE_G5,8,
  31              NOTE_G5,8, NOTE_F5,8, NOTE_E5,8, NOTE_D5,8,
  32              NOTE_C5,8, NOTE_C5,8, NOTE_D5,8, NOTE_E5,8,
  33              NOTE_E5,12, NOTE_D5,4, NOTE_D5,16, NOTE_REST,4,
  34              NOTE_E5,8, NOTE_E5,8, NOTE_F5,8, NOTE_G5,8,
  35              NOTE_G5,8, NOTE_F5,8, NOTE_E5,8, NOTE_D5,8,
  36              NOTE_C5,8, NOTE_C5,8, NOTE_D5,8, NOTE_E5,8,
  37              NOTE_D5,12, NOTE_C5,4, NOTE_C5,16, NOTE_REST,6,
  38          
  39              /* 1: Castle in the Sky, main vocal-theme excerpt. */
  40              NOTE_A5,4, NOTE_B5,4, NOTE_C6,8, NOTE_B5,4,
  41              NOTE_C6,8, NOTE_E6,8, NOTE_B5,12,
  42              NOTE_E5,4, NOTE_A5,4, NOTE_G5,8, NOTE_A5,4,
  43              NOTE_C6,8, NOTE_G5,12,
  44              NOTE_E5,4, NOTE_F5,4, NOTE_E5,8, NOTE_F5,4,
  45              NOTE_C6,8, NOTE_E5,12,
  46              NOTE_C6,4, NOTE_C6,4, NOTE_B5,8, NOTE_FS5,8,
  47              NOTE_FS5,4, NOTE_B5,8, NOTE_B5,12, NOTE_REST,4,
  48          
  49              /* 2: JJ Lin's Cao Cao, opening of the chorus, transposed to C. */
  50              NOTE_C6,8, NOTE_B5,4, NOTE_A5,4, NOTE_A5,4,
  51              NOTE_E5,12, NOTE_G5,4, NOTE_A5,8, NOTE_F5,8,
  52              NOTE_F5,8, NOTE_E5,4,
  53              NOTE_D5,8, NOTE_E5,8, NOTE_F5,8, NOTE_F5,8,
  54              NOTE_G5,8, NOTE_E5,8, NOTE_E5,4, NOTE_F5,4,
C51 COMPILER V9.60.7.0   MUSIC                                                             09/12/2026 14:22:22 PAGE 2   

  55              NOTE_E5,4, NOTE_D5,4,
  56              NOTE_REST,4
  57          };
  58          
  59          static unsigned char code MelodyOffsets[4] =
  60          {
  61              0U, 64U, 118U, 160U
  62          };
  63          
  64          static unsigned int code ToneReloads[10] =
  65          {
  66              T0_RELOAD(523UL),  T0_RELOAD(587UL),  T0_RELOAD(659UL),
  67              T0_RELOAD(698UL),  T0_RELOAD(740UL),  T0_RELOAD(784UL),
  68              T0_RELOAD(880UL),  T0_RELOAD(988UL),  T0_RELOAD(1047UL),
  69              T0_RELOAD(1319UL)
  70          };
  71          
  72          static unsigned char data MelodyStart;
  73          static unsigned char data MelodyEnd;
  74          static unsigned char data MelodyPosition;
  75          static unsigned int data NoteRemainingMs;
  76          static unsigned int data PlayRemainingMs;
  77          static unsigned char data ClockTickRemainingMs;
  78          static volatile bit ToneActive;
  79          volatile bit MusicPlaying;
  80          
  81          static void Music_StopTone(void)
  82          {
  83   1          INT_CLKO &= ~0x01U;
  84   1          TR0 = 0;
  85   1          TF0 = 0;
  86   1          ToneActive = 0;
  87   1          MUSIC_BUZZER = 1;
  88   1      }
  89          
  90          static void Music_StartTone(unsigned int reload)
  91          {
  92   1          Music_StopTone();
  93   1          TL0 = (unsigned char)reload;
  94   1          TH0 = (unsigned char)(reload >> 8);
  95   1          ToneActive = 1;
  96   1          TR0 = 1;
  97   1          INT_CLKO |= 0x01U;
  98   1      }
  99          
 100          static void Music_LoadNextNote(void)
 101          {
 102   1          unsigned char data note;
 103   1      
 104   1          if (MelodyPosition >= MelodyEnd) MelodyPosition = MelodyStart;
 105   1          note = MelodyData[MelodyPosition++];
 106   1          NoteRemainingMs = (unsigned int)MelodyData[MelodyPosition++] * NOTE_UNIT_MS;
 107   1      
 108   1          Music_StopTone();
 109   1          if (note != NOTE_REST)
 110   1              Music_StartTone(ToneReloads[note - 1U]);
 111   1      }
 112          
 113          void Music_Init(void)
 114          {
 115   1          ET0 = 0;
 116   1          TR0 = 0;
C51 COMPILER V9.60.7.0   MUSIC                                                             09/12/2026 14:22:22 PAGE 3   

 117   1          /* STC15 Timer0 mode 0: 16-bit auto-reload, 1T hardware output. */
 118   1          TMOD &= 0xF0U;
 119   1          AUXR |= 0x80U;
 120   1          TF0 = 0;
 121   1          INT_CLKO &= ~0x01U;
 122   1          ToneActive = 0;
 123   1          MusicPlaying = 0;
 124   1          ClockTickRemainingMs = 0;
 125   1          MUSIC_BUZZER = 1;
 126   1      }
 127          
 128          void Music_Start(unsigned char melody, unsigned int limit_ms)
 129          {
 130   1          if (melody >= MUSIC_COUNT) melody = 0;
 131   1          ET1 = 0;
 132   1          Music_StopTone();
 133   1          MusicPlaying = 0;
 134   1          ClockTickRemainingMs = 0;
 135   1          MelodyStart = MelodyOffsets[melody];
 136   1          MelodyEnd = MelodyOffsets[melody + 1U];
 137   1          MelodyPosition = MelodyStart;
 138   1          PlayRemainingMs = limit_ms;
 139   1          MusicPlaying = 1;
 140   1          Music_LoadNextNote();
 141   1          ET1 = 1;
 142   1      }
 143          
 144          void Music_StartClockTick(void)
 145          {
 146   1          if (MusicPlaying) return;
 147   1          ET1 = 0;
 148   1          ClockTickRemainingMs = CLOCK_TICK_SOUND_MS;
 149   1          Music_StartTone((unsigned int)T0_RELOAD(CLOCK_TICK_HZ));
 150   1          ET1 = 1;
 151   1      }
 152          
 153          void Music_Stop(void)
 154          {
 155   1          ET1 = 0;
 156   1          Music_StopTone();
 157   1          MusicPlaying = 0;
 158   1          ClockTickRemainingMs = 0;
 159   1          MUSIC_BUZZER = 1;
 160   1          ET1 = 1;
 161   1      }
 162          
 163          void Music_Tick1ms(void)
 164          {
 165   1          if (!MusicPlaying)
 166   1          {
 167   2              if ((ClockTickRemainingMs != 0U) &&
 168   2                  (--ClockTickRemainingMs == 0U))
 169   2                  Music_StopTone();
 170   2              return;
 171   2          }
 172   1      
 173   1          if (PlayRemainingMs != 0U)
 174   1          {
 175   2              if (--PlayRemainingMs == 0U)
 176   2              {
 177   3                  Music_Stop();
 178   3                  return;
C51 COMPILER V9.60.7.0   MUSIC                                                             09/12/2026 14:22:22 PAGE 4   

 179   3              }
 180   2          }
 181   1      
 182   1          if (NoteRemainingMs != 0U)
 183   1          {
 184   2              NoteRemainingMs--;
 185   2              if ((NoteRemainingMs == NOTE_GAP_MS) && ToneActive)
 186   2                  Music_StopTone();
 187   2              if (NoteRemainingMs == 0U) Music_LoadNextNote();
 188   2          }
 189   1      }


MODULE INFORMATION:   STATIC OVERLAYABLE
   CODE SIZE        =    271    ----
   CONSTANT SIZE    =    184    ----
   XDATA SIZE       =   ----    ----
   PDATA SIZE       =   ----    ----
   DATA SIZE        =      8    ----
   IDATA SIZE       =   ----    ----
   BIT SIZE         =      2    ----
END OF MODULE INFORMATION.


C51 COMPILATION COMPLETE.  0 WARNING(S),  0 ERROR(S)
