C51 COMPILER V9.60.7.0   MUSIC                                                             09/11/2026 15:44:11 PAGE 1   


C51 COMPILER V9.60.7.0, COMPILATION OF MODULE MUSIC
OBJECT MODULE PLACED IN .\Objects\music.obj
COMPILER INVOKED BY: D:\MDK5.36\C51\BIN\C51.EXE Drivers\music.c OPTIMIZE(9,SIZE) BROWSE INCDIR(.;.\Application;.\Drivers
                    -) DEBUG OBJECTEXTEND PRINT(.\Listings\music.lst) OBJECT(.\Objects\music.obj)

line level    source

   1          /* Passive-buzzer sequencer using the Timer0 hardware clock output. */
   2          
   3          #include <STC15.H>
   4          #include "config.h"
   5          #include "music.h"
   6          
   7          #define NOTE_REST  0U
   8          #define NOTE_C5    1U
   9          #define NOTE_CS5   2U
  10          #define NOTE_D5    3U
  11          #define NOTE_DS5   4U
  12          #define NOTE_E5    5U
  13          #define NOTE_F5    6U
  14          #define NOTE_FS5   7U
  15          #define NOTE_G5    8U
  16          #define NOTE_GS5   9U
  17          #define NOTE_A5    10U
  18          #define NOTE_AS5   11U
  19          #define NOTE_B5    12U
  20          #define NOTE_C6    13U
  21          #define NOTE_CS6   14U
  22          #define NOTE_D6    15U
  23          #define NOTE_DS6   16U
  24          #define NOTE_E6    17U
  25          #define NOTE_F6    18U
  26          #define NOTE_FS6   19U
  27          #define NOTE_G6    20U
  28          #define NOTE_GS6   21U
  29          #define NOTE_A6    22U
  30          #define NOTE_AS6   23U
  31          #define NOTE_B6    24U
  32          #define NOTE_C7    25U
  33          
  34          #define NOTE_UNIT_MS 50U
  35          #define NOTE_GAP_MS  25U
  36          #define CLOCK_TICK_HZ 500UL
  37          #define T0_RELOAD(freq) (65536UL - (FOSC / 2UL / (freq)))
  38          
  39          sbit MUSIC_BUZZER = P3^5;
  40          
  41          /* Each pair is note, duration in 50 ms units. */
  42          static unsigned char code MelodyData[] =
  43          {
  44              /* 0: Ode to Joy. */
  45              NOTE_E5,8, NOTE_E5,8, NOTE_F5,8, NOTE_G5,8,
  46              NOTE_G5,8, NOTE_F5,8, NOTE_E5,8, NOTE_D5,8,
  47              NOTE_C5,8, NOTE_C5,8, NOTE_D5,8, NOTE_E5,8,
  48              NOTE_E5,12, NOTE_D5,4, NOTE_D5,16, NOTE_REST,4,
  49              NOTE_E5,8, NOTE_E5,8, NOTE_F5,8, NOTE_G5,8,
  50              NOTE_G5,8, NOTE_F5,8, NOTE_E5,8, NOTE_D5,8,
  51              NOTE_C5,8, NOTE_C5,8, NOTE_D5,8, NOTE_E5,8,
  52              NOTE_D5,12, NOTE_C5,4, NOTE_C5,16, NOTE_REST,6,
  53          
  54              /* 1: Castle in the Sky, main vocal-theme excerpt. */
C51 COMPILER V9.60.7.0   MUSIC                                                             09/11/2026 15:44:11 PAGE 2   

  55              NOTE_A5,4, NOTE_B5,4, NOTE_C6,8, NOTE_B5,4,
  56              NOTE_C6,8, NOTE_E6,8, NOTE_B5,12,
  57              NOTE_E5,4, NOTE_A5,4, NOTE_G5,8, NOTE_A5,4,
  58              NOTE_C6,8, NOTE_G5,12,
  59              NOTE_E5,4, NOTE_F5,4, NOTE_E5,8, NOTE_F5,4,
  60              NOTE_C6,8, NOTE_E5,12,
  61              NOTE_C6,4, NOTE_C6,4, NOTE_B5,8, NOTE_FS5,8,
  62              NOTE_FS5,4, NOTE_B5,8, NOTE_B5,12, NOTE_REST,4,
  63          
  64              /* 2: Merry Christmas, Mr. Lawrence, main-theme excerpt. */
  65              NOTE_DS5,4, NOTE_F5,4, NOTE_DS5,4, NOTE_AS5,8,
  66              NOTE_DS5,8,
  67              NOTE_AS5,4, NOTE_DS5,4, NOTE_F5,8, NOTE_DS5,4,
  68              NOTE_F5,4, NOTE_GS5,8,
  69              NOTE_F5,4, NOTE_DS5,4, NOTE_F5,8, NOTE_DS5,4,
  70              NOTE_AS5,8,
  71              NOTE_CS6,4, NOTE_CS6,4, NOTE_C6,8, NOTE_GS5,8,
  72              NOTE_F5,12, NOTE_REST,4,
  73          
  74              /* 3: Counter-clockwise Clock, recognizable intro excerpt. */
  75              NOTE_A5,6, NOTE_G5,6, NOTE_E5,6, NOTE_D5,6,
  76              NOTE_G5,6, NOTE_A5,6, NOTE_G5,12, NOTE_A5,6,
  77              NOTE_D5,6, NOTE_E5,6, NOTE_G5,6, NOTE_A5,18,
  78              NOTE_A5,6, NOTE_G5,6, NOTE_E5,6, NOTE_D5,6,
  79              NOTE_G5,6, NOTE_A5,6, NOTE_G5,12, NOTE_A5,6,
  80              NOTE_D5,6, NOTE_E5,6, NOTE_G5,6, NOTE_A5,18,
  81              NOTE_REST,4
  82          };
  83          
  84          static unsigned char code MelodyOffsets[5] =
  85          {
  86              0U, 64U, 118U, 162U, 212U
  87          };
  88          
  89          static unsigned int code ToneReloads[25] =
  90          {
  91              T0_RELOAD(523UL),  T0_RELOAD(554UL),  T0_RELOAD(587UL),
  92              T0_RELOAD(622UL),  T0_RELOAD(659UL),  T0_RELOAD(698UL),
  93              T0_RELOAD(740UL),  T0_RELOAD(784UL),  T0_RELOAD(831UL),
  94              T0_RELOAD(880UL),  T0_RELOAD(932UL),  T0_RELOAD(988UL),
  95              T0_RELOAD(1047UL), T0_RELOAD(1109UL), T0_RELOAD(1175UL),
  96              T0_RELOAD(1245UL), T0_RELOAD(1319UL), T0_RELOAD(1397UL),
  97              T0_RELOAD(1480UL), T0_RELOAD(1568UL), T0_RELOAD(1661UL),
  98              T0_RELOAD(1760UL), T0_RELOAD(1865UL), T0_RELOAD(1976UL),
  99              T0_RELOAD(2093UL)
 100          };
 101          
 102          static unsigned char data MelodyStart;
 103          static unsigned char data MelodyEnd;
 104          static unsigned char data MelodyPosition;
 105          static unsigned int data NoteRemainingMs;
 106          static unsigned int data PlayRemainingMs;
 107          static unsigned char data ClockTickRemainingMs;
 108          static volatile bit ToneActive;
 109          volatile bit MusicPlaying;
 110          
 111          static void Music_StopTone(void)
 112          {
 113   1          INT_CLKO &= ~0x01U;
 114   1          TR0 = 0;
 115   1          TF0 = 0;
 116   1          ToneActive = 0;
C51 COMPILER V9.60.7.0   MUSIC                                                             09/11/2026 15:44:11 PAGE 3   

 117   1          MUSIC_BUZZER = 1;
 118   1      }
 119          
 120          static void Music_StartTone(unsigned int reload)
 121          {
 122   1          Music_StopTone();
 123   1          TL0 = (unsigned char)reload;
 124   1          TH0 = (unsigned char)(reload >> 8);
 125   1          ToneActive = 1;
 126   1          TR0 = 1;
 127   1          INT_CLKO |= 0x01U;
 128   1      }
 129          
 130          static void Music_LoadNextNote(void)
 131          {
 132   1          unsigned char data note;
 133   1      
 134   1          if (MelodyPosition >= MelodyEnd) MelodyPosition = MelodyStart;
 135   1          note = MelodyData[MelodyPosition++];
 136   1          NoteRemainingMs = (unsigned int)MelodyData[MelodyPosition++] * NOTE_UNIT_MS;
 137   1      
 138   1          Music_StopTone();
 139   1          if (note != NOTE_REST)
 140   1              Music_StartTone(ToneReloads[note - 1U]);
 141   1      }
 142          
 143          void Music_Init(void)
 144          {
 145   1          ET0 = 0;
 146   1          TR0 = 0;
 147   1          /* STC15 Timer0 mode 0: 16-bit auto-reload, 1T hardware output. */
 148   1          TMOD &= 0xF0U;
 149   1          AUXR |= 0x80U;
 150   1          TF0 = 0;
 151   1          INT_CLKO &= ~0x01U;
 152   1          ToneActive = 0;
 153   1          MusicPlaying = 0;
 154   1          ClockTickRemainingMs = 0;
 155   1          MUSIC_BUZZER = 1;
 156   1      }
 157          
 158          void Music_Start(unsigned char melody, unsigned int limit_ms)
 159          {
 160   1          if (melody >= MUSIC_COUNT) melody = 0;
 161   1          ET1 = 0;
 162   1          Music_StopTone();
 163   1          MusicPlaying = 0;
 164   1          ClockTickRemainingMs = 0;
 165   1          MelodyStart = MelodyOffsets[melody];
 166   1          MelodyEnd = MelodyOffsets[melody + 1U];
 167   1          MelodyPosition = MelodyStart;
 168   1          PlayRemainingMs = limit_ms;
 169   1          MusicPlaying = 1;
 170   1          Music_LoadNextNote();
 171   1          ET1 = 1;
 172   1      }
 173          
 174          void Music_StartClockTick(void)
 175          {
 176   1          if (MusicPlaying) return;
 177   1          ET1 = 0;
 178   1          ClockTickRemainingMs = CLOCK_TICK_SOUND_MS;
C51 COMPILER V9.60.7.0   MUSIC                                                             09/11/2026 15:44:11 PAGE 4   

 179   1          Music_StartTone((unsigned int)T0_RELOAD(CLOCK_TICK_HZ));
 180   1          ET1 = 1;
 181   1      }
 182          
 183          void Music_Stop(void)
 184          {
 185   1          ET1 = 0;
 186   1          Music_StopTone();
 187   1          MusicPlaying = 0;
 188   1          ClockTickRemainingMs = 0;
 189   1          MUSIC_BUZZER = 1;
 190   1          ET1 = 1;
 191   1      }
 192          
 193          void Music_Tick1ms(void)
 194          {
 195   1          if (!MusicPlaying)
 196   1          {
 197   2              if ((ClockTickRemainingMs != 0U) &&
 198   2                  (--ClockTickRemainingMs == 0U))
 199   2                  Music_StopTone();
 200   2              return;
 201   2          }
 202   1      
 203   1          if (PlayRemainingMs != 0U)
 204   1          {
 205   2              if (--PlayRemainingMs == 0U)
 206   2              {
 207   3                  Music_Stop();
 208   3                  return;
 209   3              }
 210   2          }
 211   1      
 212   1          if (NoteRemainingMs != 0U)
 213   1          {
 214   2              NoteRemainingMs--;
 215   2              if ((NoteRemainingMs == NOTE_GAP_MS) && ToneActive)
 216   2                  Music_StopTone();
 217   2              if (NoteRemainingMs == 0U) Music_LoadNextNote();
 218   2          }
 219   1      }


MODULE INFORMATION:   STATIC OVERLAYABLE
   CODE SIZE        =    271    ----
   CONSTANT SIZE    =    267    ----
   XDATA SIZE       =   ----    ----
   PDATA SIZE       =   ----    ----
   DATA SIZE        =      8    ----
   IDATA SIZE       =   ----    ----
   BIT SIZE         =      2    ----
END OF MODULE INFORMATION.


C51 COMPILATION COMPLETE.  0 WARNING(S),  0 ERROR(S)
