C51 COMPILER V9.60.7.0   SETTINGS                                                          09/12/2026 16:20:55 PAGE 1   


C51 COMPILER V9.60.7.0, COMPILATION OF MODULE SETTINGS
OBJECT MODULE PLACED IN .\Objects\settings.obj
COMPILER INVOKED BY: D:\MDK5.36\C51\BIN\C51.EXE Drivers\settings.c OPTIMIZE(9,SIZE) BROWSE INCDIR(.;.\Application;.\Driv
                    -ers) DEBUG OBJECTEXTEND PRINT(.\Listings\settings.lst) OBJECT(.\Objects\settings.obj)

line level    source

   1          /* Power-loss-safe clock and alarm settings stored in the internal EEPROM. */
   2          
   3          #include <STC15.H>
   4          #include <intrins.h>
   5          #include "board.h"
   6          #include "config.h"
   7          #include "music.h"
   8          #include "settings.h"
   9          
  10          #define IAP_CMD_IDLE           0U
  11          #define IAP_CMD_READ           1U
  12          #define IAP_CMD_PROGRAM        2U
  13          #define IAP_CMD_ERASE          3U
  14          #define IAP_ENABLE_11MHZ       0x83U
  15          
  16          #define SETTINGS_SECTOR_SIZE   512U
  17          #define SETTINGS_SECTOR0       0x0000U
  18          #define SETTINGS_SECTOR1       (SETTINGS_SECTOR0 + SETTINGS_SECTOR_SIZE)
  19          #define SETTINGS_SECTOR_COUNT  2U
  20          
  21          #define SETTINGS_RECORD_SIZE   20U
  22          #define SETTINGS_SLOT_COUNT    25U
  23          #define SETTINGS_INVALID_ADDR  0xFFFFU
  24          #define SETTINGS_SAVE_RETRIES  3U
  25          
  26          #define RECORD_MAGIC0          0x43U
  27          #define RECORD_MAGIC1          0x4BU
  28          #define RECORD_VERSION         1U
  29          #define RECORD_VALID_MARKER    0xA5U
  30          #define RECORD_ENABLED_TAG     0xA0U
  31          #define RECORD_SCREEN_TAG      0xB0U
  32          #define RECORD_SCREEN_BIT      0x08U
  33          
  34          #define OFFSET_MAGIC0          0U
  35          #define OFFSET_MAGIC1          1U
  36          #define OFFSET_VERSION         2U
  37          #define OFFSET_RESERVED        3U
  38          #define OFFSET_SEQUENCE_LOW    4U
  39          #define OFFSET_SEQUENCE_HIGH   5U
  40          #define OFFSET_CLOCK_HOUR      6U
  41          #define OFFSET_CLOCK_MINUTE    7U
  42          #define OFFSET_CLOCK_SECOND    8U
  43          #define OFFSET_ALARMS          9U
  44          #define OFFSET_CRC             18U
  45          #define OFFSET_VALID           19U
  46          
  47          static unsigned char xdata RecordBuffer[SETTINGS_RECORD_SIZE];
  48          static unsigned char data ActiveSector;
  49          static unsigned char data SaveAttempts;
  50          static unsigned int data NextSequence;
  51          static bit SavePending;
  52          
  53          static void Settings_IapIdle(void)
  54          {
C51 COMPILER V9.60.7.0   SETTINGS                                                          09/12/2026 16:20:55 PAGE 2   

  55   1          IAP_CONTR = 0;
  56   1          IAP_CMD = IAP_CMD_IDLE;
  57   1          IAP_TRIG = 0;
  58   1          IAP_ADDRH = 0x80U;
  59   1          IAP_ADDRL = 0;
  60   1      }
  61          
  62          static unsigned char Settings_IapRead(unsigned int address)
  63          {
  64   1          unsigned char data value;
  65   1          unsigned char data interrupt_state;
  66   1      
  67   1          interrupt_state = EA;
  68   1          EA = 0;
  69   1          IAP_CONTR = IAP_ENABLE_11MHZ;
  70   1          IAP_CMD = IAP_CMD_READ;
  71   1          IAP_ADDRL = (unsigned char)address;
  72   1          IAP_ADDRH = (unsigned char)(address >> 8);
  73   1          IAP_TRIG = 0x5AU;
  74   1          IAP_TRIG = 0xA5U;
  75   1          _nop_();
  76   1          value = IAP_DATA;
  77   1          Settings_IapIdle();
  78   1          EA = interrupt_state;
  79   1          return value;
  80   1      }
  81          
  82          static void Settings_IapProgram(unsigned int address, unsigned char value)
  83          {
  84   1          unsigned char data interrupt_state;
  85   1      
  86   1          interrupt_state = EA;
  87   1          EA = 0;
  88   1          IAP_CONTR = IAP_ENABLE_11MHZ;
  89   1          IAP_CMD = IAP_CMD_PROGRAM;
  90   1          IAP_ADDRL = (unsigned char)address;
  91   1          IAP_ADDRH = (unsigned char)(address >> 8);
  92   1          IAP_DATA = value;
  93   1          IAP_TRIG = 0x5AU;
  94   1          IAP_TRIG = 0xA5U;
  95   1          _nop_();
  96   1          Settings_IapIdle();
  97   1          EA = interrupt_state;
  98   1      }
  99          
 100          static void Settings_IapErase(unsigned int address)
 101          {
 102   1          unsigned char data interrupt_state;
 103   1      
 104   1          interrupt_state = EA;
 105   1          EA = 0;
 106   1          IAP_CONTR = IAP_ENABLE_11MHZ;
 107   1          IAP_CMD = IAP_CMD_ERASE;
 108   1          IAP_ADDRL = (unsigned char)address;
 109   1          IAP_ADDRH = (unsigned char)(address >> 8);
 110   1          IAP_TRIG = 0x5AU;
 111   1          IAP_TRIG = 0xA5U;
 112   1          _nop_();
 113   1          Settings_IapIdle();
 114   1          EA = interrupt_state;
 115   1      }
 116          
C51 COMPILER V9.60.7.0   SETTINGS                                                          09/12/2026 16:20:55 PAGE 3   

 117          static unsigned char Settings_Crc8(unsigned char length)
 118          {
 119   1          unsigned char data crc;
 120   1          unsigned char data value;
 121   1          unsigned char data byte_index;
 122   1          unsigned char data bit_index;
 123   1      
 124   1          crc = 0;
 125   1          for (byte_index = 0; byte_index < length; byte_index++)
 126   1          {
 127   2              value = RecordBuffer[byte_index];
 128   2              crc ^= value;
 129   2              for (bit_index = 0; bit_index < 8U; bit_index++)
 130   2              {
 131   3                  if (crc & 0x80U) crc = (crc << 1) ^ 0x07U;
 132   3                  else crc <<= 1;
 133   3              }
 134   2          }
 135   1          return crc;
 136   1      }
 137          
 138          static bit Settings_RecordFieldsValid(void)
 139          {
 140   1          unsigned char data index;
 141   1          unsigned char data offset;
 142   1          unsigned char data flags;
 143   1      
 144   1          if ((RecordBuffer[OFFSET_CLOCK_HOUR] >= 24U) ||
 145   1              (RecordBuffer[OFFSET_CLOCK_MINUTE] >= 60U) ||
 146   1              (RecordBuffer[OFFSET_CLOCK_SECOND] >= 60U))
 147   1              return 0;
 148   1      
 149   1          /* Accept the original zero byte and the earlier alarm-only flag byte. */
 150   1          flags = RecordBuffer[OFFSET_RESERVED];
 151   1          if ((flags != 0U) &&
 152   1              ((flags & ~ALARM_ENABLED_ALL) != RECORD_ENABLED_TAG) &&
 153   1              ((flags & ~(ALARM_ENABLED_ALL | RECORD_SCREEN_BIT)) !=
 154   1               RECORD_SCREEN_TAG))
 155   1              return 0;
 156   1      
 157   1          for (index = 0; index < ALARM_COUNT; index++)
 158   1          {
 159   2              offset = OFFSET_ALARMS + index * 3U;
 160   2              if ((RecordBuffer[offset] >= 24U) ||
 161   2                  (RecordBuffer[offset + 1U] >= 60U) ||
 162   2                  (RecordBuffer[offset + 2U] >= MUSIC_COUNT))
 163   2                  return 0;
 164   2          }
 165   1          return 1;
 166   1      }
 167          
 168          static bit Settings_ReadRecord(unsigned int address,
 169                                         unsigned int data *sequence)
 170          {
 171   1          unsigned char data index;
 172   1      
 173   1          if (Settings_IapRead(address + OFFSET_VALID) != RECORD_VALID_MARKER)
 174   1              return 0;
 175   1      
 176   1          for (index = 0; index < SETTINGS_RECORD_SIZE; index++)
 177   1              RecordBuffer[index] = Settings_IapRead(address + index);
 178   1      
C51 COMPILER V9.60.7.0   SETTINGS                                                          09/12/2026 16:20:55 PAGE 4   

 179   1          if ((RecordBuffer[OFFSET_MAGIC0] != RECORD_MAGIC0) ||
 180   1              (RecordBuffer[OFFSET_MAGIC1] != RECORD_MAGIC1) ||
 181   1              (RecordBuffer[OFFSET_VERSION] != RECORD_VERSION) ||
 182   1              (RecordBuffer[OFFSET_VALID] != RECORD_VALID_MARKER) ||
 183   1              (RecordBuffer[OFFSET_CRC] != Settings_Crc8(OFFSET_CRC)) ||
 184   1              !Settings_RecordFieldsValid())
 185   1              return 0;
 186   1      
 187   1          *sequence = (unsigned int)RecordBuffer[OFFSET_SEQUENCE_LOW] |
 188   1                      ((unsigned int)RecordBuffer[OFFSET_SEQUENCE_HIGH] << 8);
 189   1          return 1;
 190   1      }
 191          
 192          static bit Settings_SequenceNewer(unsigned int candidate,
 193                                            unsigned int current)
 194          {
 195   1          unsigned int data difference;
 196   1      
 197   1          difference = candidate - current;
 198   1          return (difference != 0U) && (difference < 0x8000U);
 199   1      }
 200          
 201          static bit Settings_RecordErased(unsigned int address)
 202          {
 203   1          unsigned char data index;
 204   1      
 205   1          for (index = 0; index < SETTINGS_RECORD_SIZE; index++)
 206   1          {
 207   2              if (Settings_IapRead(address + index) != 0xFFU) return 0;
 208   2          }
 209   1          return 1;
 210   1      }
 211          
 212          static unsigned int Settings_SectorAddress(unsigned char sector)
 213          {
 214   1          return (sector == 0U) ? SETTINGS_SECTOR0 : SETTINGS_SECTOR1;
 215   1      }
 216          
 217          static unsigned int Settings_FindBlankSlot(unsigned char sector)
 218          {
 219   1          unsigned char data slot;
 220   1          unsigned int data address;
 221   1      
 222   1          address = Settings_SectorAddress(sector);
 223   1          for (slot = 0; slot < SETTINGS_SLOT_COUNT; slot++)
 224   1          {
 225   2              if (Settings_RecordErased(address)) return address;
 226   2              address += SETTINGS_RECORD_SIZE;
 227   2          }
 228   1          return SETTINGS_INVALID_ADDR;
 229   1      }
 230          
 231          static void Settings_ApplyRecord(void)
 232          {
 233   1          unsigned char data index;
 234   1          unsigned char data offset;
 235   1      
 236   1          ClockHour = RecordBuffer[OFFSET_CLOCK_HOUR];
 237   1          ClockMinute = RecordBuffer[OFFSET_CLOCK_MINUTE];
 238   1          ClockSecond = RecordBuffer[OFFSET_CLOCK_SECOND];
 239   1          AlarmEnabledMask = (RecordBuffer[OFFSET_RESERVED] == 0U) ?
 240   1                             ALARM_ENABLED_ALL :
C51 COMPILER V9.60.7.0   SETTINGS                                                          09/12/2026 16:20:55 PAGE 5   

 241   1                             (RecordBuffer[OFFSET_RESERVED] & ALARM_ENABLED_ALL);
 242   1          ScreenAutoOffEnabled =
 243   1              ((RecordBuffer[OFFSET_RESERVED] & 0xF0U) == RECORD_SCREEN_TAG) ?
 244   1              ((RecordBuffer[OFFSET_RESERVED] & RECORD_SCREEN_BIT) != 0U) :
 245   1              SCREEN_AUTO_OFF_DEFAULT;
 246   1          for (index = 0; index < ALARM_COUNT; index++)
 247   1          {
 248   2              offset = OFFSET_ALARMS + index * 3U;
 249   2              AlarmHours[index] = RecordBuffer[offset];
 250   2              AlarmMinutes[index] = RecordBuffer[offset + 1U];
 251   2              AlarmMelodies[index] = RecordBuffer[offset + 2U];
 252   2          }
 253   1      }
 254          
 255          static void Settings_BuildRecord(unsigned int sequence)
 256          {
 257   1          unsigned char data index;
 258   1          unsigned char data offset;
 259   1          unsigned char data interrupt_state;
 260   1      
 261   1          RecordBuffer[OFFSET_MAGIC0] = RECORD_MAGIC0;
 262   1          RecordBuffer[OFFSET_MAGIC1] = RECORD_MAGIC1;
 263   1          RecordBuffer[OFFSET_VERSION] = RECORD_VERSION;
 264   1          RecordBuffer[OFFSET_RESERVED] = RECORD_SCREEN_TAG |
 265   1                                          (ScreenAutoOffEnabled ? RECORD_SCREEN_BIT : 0U) |
 266   1                                          AlarmEnabledMask;
 267   1          RecordBuffer[OFFSET_SEQUENCE_LOW] = (unsigned char)sequence;
 268   1          RecordBuffer[OFFSET_SEQUENCE_HIGH] = (unsigned char)(sequence >> 8);
 269   1      
 270   1          interrupt_state = EA;
 271   1          EA = 0;
 272   1          RecordBuffer[OFFSET_CLOCK_HOUR] = ClockHour;
 273   1          RecordBuffer[OFFSET_CLOCK_MINUTE] = ClockMinute;
 274   1          RecordBuffer[OFFSET_CLOCK_SECOND] = ClockSecond;
 275   1          for (index = 0; index < ALARM_COUNT; index++)
 276   1          {
 277   2              offset = OFFSET_ALARMS + index * 3U;
 278   2              RecordBuffer[offset] = AlarmHours[index];
 279   2              RecordBuffer[offset + 1U] = AlarmMinutes[index];
 280   2              RecordBuffer[offset + 2U] = AlarmMelodies[index];
 281   2          }
 282   1          EA = interrupt_state;
 283   1      
 284   1          RecordBuffer[OFFSET_CRC] = Settings_Crc8(OFFSET_CRC);
 285   1          RecordBuffer[OFFSET_VALID] = RECORD_VALID_MARKER;
 286   1      }
 287          
 288          static bit Settings_WriteRecord(unsigned int address,
 289                                          unsigned int sequence)
 290          {
 291   1          unsigned char data index;
 292   1          unsigned int data stored_sequence;
 293   1      
 294   1          for (index = 0; index < OFFSET_VALID; index++)
 295   1              Settings_IapProgram(address + index, RecordBuffer[index]);
 296   1      
 297   1          /* Commit last so an interrupted write cannot replace the old record. */
 298   1          Settings_IapProgram(address + OFFSET_VALID, RECORD_VALID_MARKER);
 299   1          return Settings_ReadRecord(address, &stored_sequence) &&
 300   1                 (stored_sequence == sequence);
 301   1      }
 302          
C51 COMPILER V9.60.7.0   SETTINGS                                                          09/12/2026 16:20:55 PAGE 6   

 303          static void Settings_SaveFailed(void)
 304          {
 305   1          if (++SaveAttempts >= SETTINGS_SAVE_RETRIES)
 306   1          {
 307   2              SaveAttempts = 0;
 308   2              SavePending = 0;
 309   2          }
 310   1      }
 311          
 312          void Settings_Init(void)
 313          {
 314   1          unsigned char data sector;
 315   1          unsigned char data slot;
 316   1          unsigned char data found;
 317   1          unsigned char data best_sector;
 318   1          unsigned int data address;
 319   1          unsigned int data sequence;
 320   1          unsigned int data best_address;
 321   1          unsigned int data best_sequence;
 322   1      
 323   1          Settings_IapIdle();
 324   1          SavePending = 0;
 325   1          SaveAttempts = 0;
 326   1          ActiveSector = 0xFFU;
 327   1          NextSequence = 0;
 328   1          found = 0;
 329   1          best_sector = 0;
 330   1          best_address = 0;
 331   1          best_sequence = 0;
 332   1      
 333   1          for (sector = 0; sector < SETTINGS_SECTOR_COUNT; sector++)
 334   1          {
 335   2              address = Settings_SectorAddress(sector);
 336   2              for (slot = 0; slot < SETTINGS_SLOT_COUNT; slot++)
 337   2              {
 338   3                  if (Settings_ReadRecord(address, &sequence))
 339   3                  {
 340   4                      if ((!found) || Settings_SequenceNewer(sequence, best_sequence))
 341   4                      {
 342   5                          found = 1;
 343   5                          best_sector = sector;
 344   5                          best_address = address;
 345   5                          best_sequence = sequence;
 346   5                      }
 347   4                  }
 348   3                  address += SETTINGS_RECORD_SIZE;
 349   3              }
 350   2          }
 351   1      
 352   1          if (found && Settings_ReadRecord(best_address, &sequence))
 353   1          {
 354   2              Settings_ApplyRecord();
 355   2              ActiveSector = best_sector;
 356   2              NextSequence = best_sequence + 1U;
 357   2          }
 358   1      }
 359          
 360          void Settings_RequestSave(void)
 361          {
 362   1          SaveAttempts = 0;
 363   1          SavePending = 1;
 364   1      }
C51 COMPILER V9.60.7.0   SETTINGS                                                          09/12/2026 16:20:55 PAGE 7   

 365          
 366          void Settings_Service(void)
 367          {
 368   1          unsigned char data target_sector;
 369   1          unsigned int data address;
 370   1      
 371   1          if (!SavePending) return;
 372   1      
 373   1          if (ActiveSector < SETTINGS_SECTOR_COUNT)
 374   1              address = Settings_FindBlankSlot(ActiveSector);
 375   1          else
 376   1              address = SETTINGS_INVALID_ADDR;
 377   1      
 378   1          if (address == SETTINGS_INVALID_ADDR)
 379   1          {
 380   2              target_sector = (ActiveSector == 0U) ? 1U : 0U;
 381   2              Settings_IapErase(Settings_SectorAddress(target_sector));
 382   2              address = Settings_FindBlankSlot(target_sector);
 383   2          }
 384   1          else
 385   1              target_sector = ActiveSector;
 386   1      
 387   1          if (address == SETTINGS_INVALID_ADDR)
 388   1          {
 389   2              Settings_SaveFailed();
 390   2              return;
 391   2          }
 392   1      
 393   1          Settings_BuildRecord(NextSequence);
 394   1          if (Settings_WriteRecord(address, NextSequence))
 395   1          {
 396   2              ActiveSector = target_sector;
 397   2              NextSequence++;
 398   2              SaveAttempts = 0;
 399   2              SavePending = 0;
 400   2          }
 401   1          else
 402   1              Settings_SaveFailed();
 403   1      }


MODULE INFORMATION:   STATIC OVERLAYABLE
   CODE SIZE        =   1073    ----
   CONSTANT SIZE    =   ----    ----
   XDATA SIZE       =     20    ----
   PDATA SIZE       =   ----    ----
   DATA SIZE        =      4      19
   IDATA SIZE       =   ----    ----
   BIT SIZE         =      1    ----
END OF MODULE INFORMATION.


C51 COMPILATION COMPLETE.  0 WARNING(S),  0 ERROR(S)
