C51 COMPILER V9.60.7.0   UART1                                                             09/11/2026 10:24:17 PAGE 1   


C51 COMPILER V9.60.7.0, COMPILATION OF MODULE UART1
OBJECT MODULE PLACED IN .\Objects\uart1.obj
COMPILER INVOKED BY: D:\MDK5.36\C51\BIN\C51.EXE Drivers\uart1.c OPTIMIZE(8,SPEED) BROWSE INCDIR(.;.\Application;.\Driver
                    -s) DEBUG OBJECTEXTEND PRINT(.\Listings\uart1.lst) OBJECT(.\Objects\uart1.obj)

line level    source

   1          /* UART1 initialization and packed-BCD time frame parser. */
   2          
   3          #include <STC15.H>
   4          #include "config.h"
   5          #include "uart1.h"
   6          
   7          static volatile unsigned char data RxState;
   8          static volatile unsigned char data RxCommand;
   9          static volatile unsigned char data RxData[3];
  10          static volatile unsigned char data NewHour;
  11          static volatile unsigned char data NewMinute;
  12          static volatile unsigned char data NewSecond;
  13          static volatile bit NewTimeReady;
  14          static volatile unsigned char data NewAlarmIndex;
  15          static volatile unsigned char data NewAlarmHour;
  16          static volatile unsigned char data NewAlarmMinute;
  17          static volatile bit NewAlarmReady;
  18          
  19          void Uart1_Init(void)
  20          {
  21   1          RxState = 0;
  22   1          NewTimeReady = 0;
  23   1          NewAlarmReady = 0;
  24   1          SCON = 0x50;
  25   1          AUXR |= 0x01;
  26   1          AUXR |= 0x04;
  27   1          T2L = (65536UL - FOSC / 4UL / UART1_BAUD);
  28   1          T2H = (65536UL - FOSC / 4UL / UART1_BAUD) >> 8;
  29   1          AUXR |= 0x10;
  30   1          ES = 1;
  31   1      }
  32          
  33          bit Uart1_TakeAlarm(unsigned char data *index,
  34                              unsigned char data *hour,
  35                              unsigned char data *minute)
  36          {
  37   1          if (!NewAlarmReady) return 0;
  38   1          EA = 0;
  39   1          *index = NewAlarmIndex;
  40   1          *hour = NewAlarmHour;
  41   1          *minute = NewAlarmMinute;
  42   1          NewAlarmReady = 0;
  43   1          EA = 1;
  44   1          return 1;
  45   1      }
  46          
  47          bit Uart1_TakeTime(unsigned char data *hour,
  48                             unsigned char data *minute,
  49                             unsigned char data *second)
  50          {
  51   1          if (!NewTimeReady) return 0;
  52   1          EA = 0;
  53   1          *hour = NewHour;
  54   1          *minute = NewMinute;
C51 COMPILER V9.60.7.0   UART1                                                             09/11/2026 10:24:17 PAGE 2   

  55   1          *second = NewSecond;
  56   1          NewTimeReady = 0;
  57   1          EA = 1;
  58   1          return 1;
  59   1      }
  60          
  61          void Uart1_Isr(void) interrupt 4 using 2
  62          {
  63   1          unsigned char value;
  64   1          unsigned char hour;
  65   1          unsigned char minute;
  66   1          unsigned char second;
  67   1      
  68   1          if (RI)
  69   1          {
  70   2              RI = 0;
  71   2              value = SBUF;
  72   2              if (RxState == 0U)
  73   2              {
  74   3                  if ((value == 0x01U) || (value == 0x02U))
  75   3                  {
  76   4                      RxCommand = value;
  77   4                      RxState = 1U;
  78   4                  }
  79   3              }
  80   2              else if (RxState <= 3U)
  81   2              {
  82   3                  RxData[RxState - 1U] = value;
  83   3                  RxState++;
  84   3              }
  85   2              else
  86   2              {
  87   3                  RxState = 0;
  88   3                  if ((value == 0xAAU) && (RxCommand == 0x01U) &&
  89   3                      ((RxData[0] & 0x0FU) <= 9U) && ((RxData[0] >> 4) <= 9U) &&
  90   3                      ((RxData[1] & 0x0FU) <= 9U) && ((RxData[1] >> 4) <= 9U) &&
  91   3                      ((RxData[2] & 0x0FU) <= 9U) && ((RxData[2] >> 4) <= 9U))
  92   3                  {
  93   4                      hour = (RxData[0] >> 4) * 10U + (RxData[0] & 0x0FU);
  94   4                      minute = (RxData[1] >> 4) * 10U + (RxData[1] & 0x0FU);
  95   4                      second = (RxData[2] >> 4) * 10U + (RxData[2] & 0x0FU);
  96   4                      if ((hour < 24U) && (minute < 60U) && (second < 60U))
  97   4                      {
  98   5                          NewHour = hour;
  99   5                          NewMinute = minute;
 100   5                          NewSecond = second;
 101   5                          NewTimeReady = 1;
 102   5                          SBUF = 0x06U;
 103   5                      }
 104   4                  }
 105   3                  else if ((value == 0xAAU) && (RxCommand == 0x02U) &&
 106   3                           (RxData[0] >= 1U) && (RxData[0] <= ALARM_COUNT) &&
 107   3                           ((RxData[1] & 0x0FU) <= 9U) && ((RxData[1] >> 4) <= 9U) &&
 108   3                           ((RxData[2] & 0x0FU) <= 9U) && ((RxData[2] >> 4) <= 9U))
 109   3                  {
 110   4                      hour = (RxData[1] >> 4) * 10U + (RxData[1] & 0x0FU);
 111   4                      minute = (RxData[2] >> 4) * 10U + (RxData[2] & 0x0FU);
 112   4                      if ((hour < 24U) && (minute < 60U))
 113   4                      {
 114   5                          NewAlarmIndex = RxData[0] - 1U;
 115   5                          NewAlarmHour = hour;
 116   5                          NewAlarmMinute = minute;
C51 COMPILER V9.60.7.0   UART1                                                             09/11/2026 10:24:17 PAGE 3   

 117   5                          NewAlarmReady = 1;
 118   5                          SBUF = 0x06U;
 119   5                      }
 120   4                  }
 121   3              }
 122   2          }
 123   1          if (TI) TI = 0;
 124   1      }


MODULE INFORMATION:   STATIC OVERLAYABLE
   CODE SIZE        =    431    ----
   CONSTANT SIZE    =   ----    ----
   XDATA SIZE       =   ----    ----
   PDATA SIZE       =   ----    ----
   DATA SIZE        =     11    ----
   IDATA SIZE       =   ----    ----
   BIT SIZE         =      2    ----
END OF MODULE INFORMATION.


C51 COMPILATION COMPLETE.  0 WARNING(S),  0 ERROR(S)
