C51 COMPILER V9.60.7.0   UART1                                                             09/12/2026 16:20:54 PAGE 1   


C51 COMPILER V9.60.7.0, COMPILATION OF MODULE UART1
OBJECT MODULE PLACED IN .\Objects\uart1.obj
COMPILER INVOKED BY: D:\MDK5.36\C51\BIN\C51.EXE Drivers\uart1.c OPTIMIZE(9,SIZE) BROWSE INCDIR(.;.\Application;.\Drivers
                    -) DEBUG OBJECTEXTEND PRINT(.\Listings\uart1.lst) OBJECT(.\Objects\uart1.obj)

line level    source

   1          /* UART1 command parser and temperature reply. */
   2          
   3          #include <STC15.H>
   4          #include "config.h"
   5          #include "music.h"
   6          #include "uart1.h"
   7          
   8          static volatile unsigned char data RxState;
   9          static volatile unsigned char data RxCommand;
  10          static volatile unsigned char data RxData[4];
  11          static volatile unsigned char data NewHour;
  12          static volatile unsigned char data NewMinute;
  13          static volatile unsigned char data NewSecond;
  14          static volatile bit NewTimeReady;
  15          static volatile unsigned char data NewAlarmIndex;
  16          static volatile unsigned char data NewAlarmHour;
  17          static volatile unsigned char data NewAlarmMinute;
  18          static volatile unsigned char data NewAlarmMelody;
  19          static volatile bit NewAlarmReady;
  20          static volatile unsigned char data NewSwitchIndex;
  21          static volatile unsigned char data NewSwitchEnabled;
  22          static volatile bit NewSwitchReady;
  23          static volatile unsigned char data NewScreenEnabled;
  24          static volatile bit NewScreenReady;
  25          static volatile bit NewTemperatureRequest;
  26          
  27          #define UART_TX_TIMEOUT 50000U
  28          
  29          static bit Uart1_SendByte(unsigned char value)
  30          {
  31   1          unsigned int data remaining;
  32   1      
  33   1          remaining = UART_TX_TIMEOUT;
  34   1          TI = 0;
  35   1          SBUF = value;
  36   1          while (!TI)
  37   1          {
  38   2              if (--remaining == 0U) return 0;
  39   2          }
  40   1          TI = 0;
  41   1          return 1;
  42   1      }
  43          
  44          static bit Uart1_BcdValid(unsigned char value)
  45          {
  46   1          return ((value & 0x0FU) <= 9U) && ((value >> 4) <= 9U);
  47   1      }
  48          
  49          void Uart1_Init(void)
  50          {
  51   1          RxState = 0;
  52   1          NewTimeReady = 0;
  53   1          NewAlarmReady = 0;
  54   1          NewSwitchReady = 0;
C51 COMPILER V9.60.7.0   UART1                                                             09/12/2026 16:20:54 PAGE 2   

  55   1          NewScreenReady = 0;
  56   1          NewTemperatureRequest = 0;
  57   1          SCON = 0x50;
  58   1          AUXR |= 0x01;
  59   1          AUXR |= 0x04;
  60   1          T2L = (65536UL - FOSC / 4UL / UART1_BAUD);
  61   1          T2H = (65536UL - FOSC / 4UL / UART1_BAUD) >> 8;
  62   1          AUXR |= 0x10;
  63   1          ES = 1;
  64   1      }
  65          
  66          bit Uart1_TakeAlarm(unsigned char data *index,
  67                              unsigned char data *hour,
  68                              unsigned char data *minute,
  69                              unsigned char data *melody)
  70          {
  71   1          if (!NewAlarmReady) return 0;
  72   1          EA = 0;
  73   1          *index = NewAlarmIndex;
  74   1          *hour = NewAlarmHour;
  75   1          *minute = NewAlarmMinute;
  76   1          *melody = NewAlarmMelody;
  77   1          NewAlarmReady = 0;
  78   1          EA = 1;
  79   1          return 1;
  80   1      }
  81          
  82          bit Uart1_TakeAlarmSwitch(unsigned char data *index,
  83                                    unsigned char data *enabled)
  84          {
  85   1          if (!NewSwitchReady) return 0;
  86   1          EA = 0;
  87   1          *index = NewSwitchIndex;
  88   1          *enabled = NewSwitchEnabled;
  89   1          NewSwitchReady = 0;
  90   1          EA = 1;
  91   1          return 1;
  92   1      }
  93          
  94          bit Uart1_TakeScreenSwitch(unsigned char data *enabled)
  95          {
  96   1          if (!NewScreenReady) return 0;
  97   1          EA = 0;
  98   1          *enabled = NewScreenEnabled;
  99   1          NewScreenReady = 0;
 100   1          EA = 1;
 101   1          return 1;
 102   1      }
 103          
 104          bit Uart1_TakeTemperatureRequest(void)
 105          {
 106   1          if (!NewTemperatureRequest) return 0;
 107   1          EA = 0;
 108   1          NewTemperatureRequest = 0;
 109   1          EA = 1;
 110   1          return 1;
 111   1      }
 112          
 113          void Uart1_SendTemperature(unsigned char whole, unsigned char decimal)
 114          {
 115   1          /* A four-byte reply takes less than 1 ms. Keep Timer1 running, but
 116   1             prevent the UART ISR from clearing TI between polling iterations. */
C51 COMPILER V9.60.7.0   UART1                                                             09/12/2026 16:20:54 PAGE 3   

 117   1          ES = 0;
 118   1          if (Uart1_SendByte(0x05U) &&
 119   1              Uart1_SendByte(whole) &&
 120   1              Uart1_SendByte(decimal))
 121   1              Uart1_SendByte(0xAAU);
 122   1          ES = 1;
 123   1      }
 124          
 125          bit Uart1_TakeTime(unsigned char data *hour,
 126                             unsigned char data *minute,
 127                             unsigned char data *second)
 128          {
 129   1          if (!NewTimeReady) return 0;
 130   1          EA = 0;
 131   1          *hour = NewHour;
 132   1          *minute = NewMinute;
 133   1          *second = NewSecond;
 134   1          NewTimeReady = 0;
 135   1          EA = 1;
 136   1          return 1;
 137   1      }
 138          
 139          void Uart1_Isr(void) interrupt 4 using 2
 140          {
 141   1          unsigned char value;
 142   1          unsigned char hour;
 143   1          unsigned char minute;
 144   1          unsigned char second;
 145   1      
 146   1          if (RI)
 147   1          {
 148   2              RI = 0;
 149   2              value = SBUF;
 150   2              if (RxState == 0U)
 151   2              {
 152   3                  if ((value >= 0x01U) && (value <= 0x06U))
 153   3                  {
 154   4                      RxCommand = value;
 155   4                      RxState = 1U;
 156   4                  }
 157   3              }
 158   2              else if (RxCommand == 0x05U)
 159   2              {
 160   3                  RxState = 0;
 161   3                  if (value == 0xAAU) NewTemperatureRequest = 1;
 162   3              }
 163   2              else if (RxState <= ((RxCommand == 0x06U) ? 1U :
 164   2                                  ((RxCommand == 0x04U) ? 2U :
 165   2                                  ((RxCommand == 0x03U) ? 4U : 3U))))
 166   2              {
 167   3                  RxData[RxState - 1U] = value;
 168   3                  RxState++;
 169   3              }
 170   2              else
 171   2              {
 172   3                  RxState = 0;
 173   3                  if ((value == 0xAAU) && (RxCommand == 0x01U) &&
 174   3                      Uart1_BcdValid(RxData[0]) &&
 175   3                      Uart1_BcdValid(RxData[1]) &&
 176   3                      Uart1_BcdValid(RxData[2]))
 177   3                  {
 178   4                      hour = (RxData[0] >> 4) * 10U + (RxData[0] & 0x0FU);
C51 COMPILER V9.60.7.0   UART1                                                             09/12/2026 16:20:54 PAGE 4   

 179   4                      minute = (RxData[1] >> 4) * 10U + (RxData[1] & 0x0FU);
 180   4                      second = (RxData[2] >> 4) * 10U + (RxData[2] & 0x0FU);
 181   4                      if ((hour < 24U) && (minute < 60U) && (second < 60U))
 182   4                      {
 183   5                          NewHour = hour;
 184   5                          NewMinute = minute;
 185   5                          NewSecond = second;
 186   5                          NewTimeReady = 1;
 187   5                          SBUF = 0x06U;
 188   5                      }
 189   4                  }
 190   3                  else if ((value == 0xAAU) && (RxCommand == 0x02U) &&
 191   3                           (RxData[0] >= 1U) && (RxData[0] <= ALARM_COUNT) &&
 192   3                           Uart1_BcdValid(RxData[1]) &&
 193   3                           Uart1_BcdValid(RxData[2]))
 194   3                  {
 195   4                      hour = (RxData[1] >> 4) * 10U + (RxData[1] & 0x0FU);
 196   4                      minute = (RxData[2] >> 4) * 10U + (RxData[2] & 0x0FU);
 197   4                      if ((hour < 24U) && (minute < 60U))
 198   4                      {
 199   5                          NewAlarmIndex = RxData[0] - 1U;
 200   5                          NewAlarmHour = hour;
 201   5                          NewAlarmMinute = minute;
 202   5                          NewAlarmMelody = 0xFFU;
 203   5                          NewAlarmReady = 1;
 204   5                          SBUF = 0x06U;
 205   5                      }
 206   4                  }
 207   3                  else if ((value == 0xAAU) && (RxCommand == 0x03U) &&
 208   3                           (RxData[0] >= 1U) && (RxData[0] <= ALARM_COUNT) &&
 209   3                           (RxData[3] >= 1U) && (RxData[3] <= MUSIC_COUNT) &&
 210   3                           Uart1_BcdValid(RxData[1]) &&
 211   3                           Uart1_BcdValid(RxData[2]))
 212   3                  {
 213   4                      hour = (RxData[1] >> 4) * 10U + (RxData[1] & 0x0FU);
 214   4                      minute = (RxData[2] >> 4) * 10U + (RxData[2] & 0x0FU);
 215   4                      if ((hour < 24U) && (minute < 60U))
 216   4                      {
 217   5                          NewAlarmIndex = RxData[0] - 1U;
 218   5                          NewAlarmHour = hour;
 219   5                          NewAlarmMinute = minute;
 220   5                          NewAlarmMelody = RxData[3] - 1U;
 221   5                          NewAlarmReady = 1;
 222   5                          SBUF = 0x06U;
 223   5                      }
 224   4                  }
 225   3                  else if ((value == 0xAAU) && (RxCommand == 0x04U) &&
 226   3                           (RxData[0] >= 1U) && (RxData[0] <= ALARM_COUNT) &&
 227   3                           (RxData[1] <= 1U))
 228   3                  {
 229   4                      NewSwitchIndex = RxData[0] - 1U;
 230   4                      NewSwitchEnabled = RxData[1];
 231   4                      NewSwitchReady = 1;
 232   4                      SBUF = 0x06U;
 233   4                  }
 234   3                  else if ((value == 0xAAU) && (RxCommand == 0x06U) &&
 235   3                           (RxData[0] <= 1U))
 236   3                  {
 237   4                      NewScreenEnabled = RxData[0];
 238   4                      NewScreenReady = 1;
 239   4                      SBUF = 0x06U;
 240   4                  }
C51 COMPILER V9.60.7.0   UART1                                                             09/12/2026 16:20:54 PAGE 5   

 241   3              }
 242   2          }
 243   1          if (TI) TI = 0;
 244   1      }


MODULE INFORMATION:   STATIC OVERLAYABLE
   CODE SIZE        =    715    ----
   CONSTANT SIZE    =   ----    ----
   XDATA SIZE       =   ----    ----
   PDATA SIZE       =   ----    ----
   DATA SIZE        =     16       4
   IDATA SIZE       =   ----    ----
   BIT SIZE         =      5    ----
END OF MODULE INFORMATION.


C51 COMPILATION COMPLETE.  0 WARNING(S),  0 ERROR(S)
